== K0 M1 2026-10-01T12:30:01+02:00

[a] K0
    #1             prompt=  9698 cached=     0 (  0.0%)     7909 ms
    #2             prompt=  9698 cached=  8000 ( 82.5%)      904 ms
    #3             prompt=  9698 cached=  8000 ( 82.5%)      901 ms
    #4             prompt=  9698 cached=  8000 ( 82.5%)      902 ms
  [a_azonos_prompt] /metrics delta: queries=38792.0 hits=24000.0

[b] K0
    k1/q1          prompt=  9698 cached=     0 (  0.0%)     4108 ms
    k1/q2          prompt=  9699 cached=  8000 ( 82.5%)      905 ms
    k1/q3          prompt=  9696 cached=  8000 ( 82.5%)      898 ms
    k2/q1          prompt=  9698 cached=  8000 ( 82.5%)      908 ms
    k2/q2          prompt=  9699 cached=  8000 ( 82.5%)      902 ms
    k2/q3          prompt=  9696 cached=  8000 ( 82.5%)      896 ms
  [b_kozos_doksi_mas_kerdes] /metrics delta: queries=58186.0 hits=40000.0

[c] K0
    kör 1          prompt=  3760 cached=     0 (  0.0%)     7536 ms
    kör 2          prompt=  3953 cached=  1600 ( 40.5%)     5191 ms
    kör 3          prompt=  4089 cached=  1600 ( 39.1%)     7232 ms
    kör 4          prompt=  4277 cached=  1600 ( 37.4%)     7681 ms
    kör 5          prompt=  4465 cached=  1600 ( 35.8%)     6521 ms
    kör 6          prompt=  4655 cached=  1600 ( 34.4%)     2672 ms
  [c_tobbkoros_chat] /metrics delta: queries=25199.0 hits=8000.0

[d] K0
    32K #1         prompt= 45642 cached=     0 (  0.0%)    19878 ms
    32K #2         prompt= 45642 cached= 43200 ( 94.6%)     1286 ms
    60K #1         prompt= 85890 cached=     0 (  0.0%)    37971 ms
    60K #2         prompt= 85890 cached= 83200 ( 96.9%)     1550 ms
  [d_hosszu] /metrics delta: queries=263064.0 hits=126400.0

[>] eredmenyek/M1-K0.json
== K0 M2a 2026-10-01T12:31:58+02:00
[i] D6.md + sablon = 3052 tok · blokkméret=1600 · küszöb=3200 · http://localhost:8400

[1-A_alatt_B_felett] A=3181 tok (ckpt: NEM) · B=3249 tok (ckpt: IGEN) · jóslat: FAIL
  A     prompt=3181 cached=0 2928 ms
  B#1  prompt=3249 cached=0      api=ac35056856c79381 kanon=d9985a91116f66a2 3142 ms
  B#2  prompt=3249 cached=1600   api=ac35056856c79381 kanon=d9985a91116f66a2 2338 ms
  B#3  prompt=3249 cached=1600   api=ac35056856c79381 kanon=d9985a91116f66a2 2344 ms
  B#4  prompt=3249 cached=1600   api=ac35056856c79381 kanon=d9985a91116f66a2 2336 ms
  => PASS (jóslat: FAIL, **NEM EGYEZIK**) · api-változat: 1 · kanon-változat: 1 · szöveg-változat: 1

[2-A_felett_B_felett] A=3198 tok (ckpt: NEM) · B=3249 tok (ckpt: IGEN) · jóslat: FAIL
  A     prompt=3198 cached=0 2970 ms
  B#1  prompt=3249 cached=0      api=e1787d5494293a48 kanon=9f379dc8603fd044 3097 ms
  B#2  prompt=3249 cached=1600   api=544edf7063d03e32 kanon=7ef1dcb3a6aca1fc 2258 ms
  B#3  prompt=3249 cached=1600   api=544edf7063d03e32 kanon=7ef1dcb3a6aca1fc 2262 ms
  B#4  prompt=3249 cached=1600   api=544edf7063d03e32 kanon=7ef1dcb3a6aca1fc 2266 ms
  => FAIL (jóslat: FAIL, EGYEZIK) · api-változat: 2 · kanon-változat: 2 · szöveg-változat: 1

[3-A_alatt_B_alatt] A=3113 tok (ckpt: NEM) · B=5272 tok (ckpt: IGEN) · jóslat: FAIL
  A     prompt=3113 cached=0 2778 ms
  B#1  prompt=5272 cached=0      api=7a7a51b2853b2035 kanon=cfd3bc3f2a2e022e 3916 ms
  B#2  prompt=5272 cached=3200   api=7a7a51b2853b2035 kanon=cfd3bc3f2a2e022e 2456 ms
  B#3  prompt=5272 cached=3200   api=7a7a51b2853b2035 kanon=cfd3bc3f2a2e022e 2450 ms
  B#4  prompt=5272 cached=3200   api=7a7a51b2853b2035 kanon=cfd3bc3f2a2e022e 2451 ms
  => PASS (jóslat: FAIL, **NEM EGYEZIK**) · api-változat: 1 · kanon-változat: 1 · szöveg-változat: 1

[4-A_felett_B_alatt] A=3198 tok (ckpt: NEM) · B=5272 tok (ckpt: IGEN) · jóslat: FAIL
  A     prompt=3198 cached=0 2807 ms
  B#1  prompt=5272 cached=0      api=0b4376603c060b21 kanon=936a84efe409160b 3903 ms
  B#2  prompt=5272 cached=3200   api=5bf90059e732b728 kanon=c929fa99afc2aa8c 2373 ms
  B#3  prompt=5272 cached=3200   api=5bf90059e732b728 kanon=c929fa99afc2aa8c 2385 ms
  B#4  prompt=5272 cached=3200   api=5bf90059e732b728 kanon=c929fa99afc2aa8c 2390 ms
  => FAIL (jóslat: FAIL, EGYEZIK) · api-változat: 2 · kanon-változat: 2 · szöveg-változat: 1

[=] összegzés
  1-A_alatt_B_felett     A= 3181 B= 3249 jóslat=FAIL  mért=PASS  **NEM** · B cached_tok=[0, 1600, 1600, 1600]
  2-A_felett_B_felett    A= 3198 B= 3249 jóslat=FAIL  mért=FAIL  EGYEZIK · B cached_tok=[0, 1600, 1600, 1600]
  3-A_alatt_B_alatt      A= 3113 B= 5272 jóslat=FAIL  mért=PASS  **NEM** · B cached_tok=[0, 3200, 3200, 3200]
  4-A_felett_B_alatt     A= 3198 B= 5272 jóslat=FAIL  mért=FAIL  EGYEZIK · B cached_tok=[0, 3200, 3200, 3200]
[=] jóslat-egyezés: 2/4
[>] eredmenyek/M2a-K0.json
== K0 M2b 2026-10-01T12:32:53+02:00
[D1] prompt=3762 hit_cached=[0, 1600, 1600, 1600, 1600, 1600] hideg_cached=[0, 0, 0] hideg-változat=1 hit≠hideg: api 0/6 kanon 0 szöveg 0 => PASS
[D2] prompt=3002 hit_cached=[0, 0, 0, 0, 0, 0] hideg_cached=[0, 0, 0] hideg-változat=1 hit≠hideg: api 0/6 kanon 0 szöveg 0 => PASS
[D3] prompt=1950 hit_cached=[0, 0, 0, 0, 0, 0] hideg_cached=[0, 0, 0] hideg-változat=1 hit≠hideg: api 0/6 kanon 0 szöveg 0 => PASS
[D6] prompt=3068 hit_cached=[0, 0, 0, 0, 0, 0] hideg_cached=[0, 0, 0] hideg-változat=1 hit≠hideg: api 0/6 kanon 0 szöveg 0 => PASS
[=] 4/4 PASS -> eredmenyek/M2b-K0.json
== K0 KESZ 2026-10-01T12:34:32+02:00
